{
  "version": "1.5.0",
  "plugins_used": [
    {
      "name": "ArtifactoryDetector"
    },
    {
      "name": "AWSKeyDetector"
    },
    {
      "name": "AzureStorageKeyDetector"
    },
    {
      "name": "Base64HighEntropyString",
      "limit": 4.5
    },
    {
      "name": "BasicAuthDetector"
    },
    {
      "name": "CloudantDetector"
    },
    {
      "name": "DiscordBotTokenDetector"
    },
    {
      "name": "GitHubTokenDetector"
    },
    {
      "name": "GitLabTokenDetector"
    },
    {
      "name": "HexHighEntropyString",
      "limit": 3.0
    },
    {
      "name": "IbmCloudIamDetector"
    },
    {
      "name": "IbmCosHmacDetector"
    },
    {
      "name": "IPPublicDetector"
    },
    {
      "name": "JwtTokenDetector"
    },
    {
      "name": "KeywordDetector",
      "keyword_exclude": ""
    },
    {
      "name": "MailchimpDetector"
    },
    {
      "name": "NpmDetector"
    },
    {
      "name": "OpenAIDetector"
    },
    {
      "name": "PrivateKeyDetector"
    },
    {
      "name": "PypiTokenDetector"
    },
    {
      "name": "SendGridDetector"
    },
    {
      "name": "SlackDetector"
    },
    {
      "name": "SoftlayerDetector"
    },
    {
      "name": "SquareOAuthDetector"
    },
    {
      "name": "StripeDetector"
    },
    {
      "name": "TelegramBotTokenDetector"
    },
    {
      "name": "TwilioKeyDetector"
    }
  ],
  "filters_used": [
    {
      "path": "detect_secrets.filters.allowlist.is_line_allowlisted"
    },
    {
      "path": "detect_secrets.filters.common.is_ignored_due_to_verification_policies",
      "min_level": 2
    },
    {
      "path": "detect_secrets.filters.heuristic.is_indirect_reference"
    },
    {
      "path": "detect_secrets.filters.heuristic.is_likely_id_string"
    },
    {
      "path": "detect_secrets.filters.heuristic.is_lock_file"
    },
    {
      "path": "detect_secrets.filters.heuristic.is_not_alphanumeric_string"
    },
    {
      "path": "detect_secrets.filters.heuristic.is_potential_uuid"
    },
    {
      "path": "detect_secrets.filters.heuristic.is_prefixed_with_dollar_sign"
    },
    {
      "path": "detect_secrets.filters.heuristic.is_sequential_string"
    },
    {
      "path": "detect_secrets.filters.heuristic.is_swagger_file"
    },
    {
      "path": "detect_secrets.filters.heuristic.is_templated_secret"
    }
  ],
  "results": {
    ".github/scripts/test_independent_reviewer.py": [
      {
        "type": "Secret Keyword",
        "filename": ".github/scripts/test_independent_reviewer.py",
        "hashed_secret": "3acfb2c2b433c0ea7ff107e33df91b18e52f960f",
        "is_verified": false,
        "line_number": 56
      },
      {
        "type": "Secret Keyword",
        "filename": ".github/scripts/test_independent_reviewer.py",
        "hashed_secret": "eb2b79748a84fb4e3d38cb4237e4a25c052eef31",
        "is_verified": false,
        "line_number": 409
      }
    ],
    ".github/scripts/test_orchestrator.py": [
      {
        "type": "Private Key",
        "filename": ".github/scripts/test_orchestrator.py",
        "hashed_secret": "1348b145fa1a555461c1b790a2f66614781091e9",
        "is_verified": false,
        "line_number": 171
      },
      {
        "type": "Secret Keyword",
        "filename": ".github/scripts/test_orchestrator.py",
        "hashed_secret": "eb2b79748a84fb4e3d38cb4237e4a25c052eef31",
        "is_verified": false,
        "line_number": 798
      },
      {
        "type": "Secret Keyword",
        "filename": ".github/scripts/test_orchestrator.py",
        "hashed_secret": "7deeb1b520a95d17eb2f4cf59b05d5c5f9e71e4d",
        "is_verified": false,
        "line_number": 1076
      }
    ],
    ".github/scripts/test_r1_gate.py": [
      {
        "type": "Base64 High Entropy String",
        "filename": ".github/scripts/test_r1_gate.py",
        "hashed_secret": "376a85389e0b14c29d88ab77b2ed8a76d814e424",
        "is_verified": false,
        "line_number": 155
      }
    ],
    "docs/playbook/03-reference/SOURCE-INTEGRITY.json": [
      {
        "type": "Hex High Entropy String",
        "filename": "docs/playbook/03-reference/SOURCE-INTEGRITY.json",
        "hashed_secret": "d481eea9fe3db1aca8940e215d84cbd595e36fc9",
        "is_verified": false,
        "line_number": 3
      },
      {
        "type": "Hex High Entropy String",
        "filename": "docs/playbook/03-reference/SOURCE-INTEGRITY.json",
        "hashed_secret": "cbb4d6c5793edd85f7a7fcef0b9f817597c05082",
        "is_verified": false,
        "line_number": 4
      }
    ],
    "tests/backend/test_config.py": [
      {
        "type": "Secret Keyword",
        "filename": "tests/backend/test_config.py",
        "hashed_secret": "e28255da090eafc2dbf4b051fb3016a56a89f119",
        "is_verified": false,
        "line_number": 82
      }
    ],
    "tests/backend/test_feature_flags.py": [
      {
        "type": "Secret Keyword",
        "filename": "tests/backend/test_feature_flags.py",
        "hashed_secret": "e28255da090eafc2dbf4b051fb3016a56a89f119",
        "is_verified": false,
        "line_number": 99
      }
    ],
    "tests/backend/test_migrations.py": [
      {
        "type": "Basic Auth Credentials",
        "filename": "tests/backend/test_migrations.py",
        "hashed_secret": "ff55435345834a3fe224936776c2aa15f6ed5358",
        "is_verified": false,
        "line_number": 16
      }
    ],
    "tests/backend/test_persistence.py": [
      {
        "type": "Basic Auth Credentials",
        "filename": "tests/backend/test_persistence.py",
        "hashed_secret": "9de8ffafcde513fa5171292c68b0a3fe707f66c9",
        "is_verified": false,
        "line_number": 19
      }
    ],
    "tests/backend/test_structured_logging.py": [
      {
        "type": "Secret Keyword",
        "filename": "tests/backend/test_structured_logging.py",
        "hashed_secret": "c5e31d5915661de4393e3f1489b00ebc4497dd48",
        "is_verified": false,
        "line_number": 371
      },
      {
        "type": "Secret Keyword",
        "filename": "tests/backend/test_structured_logging.py",
        "hashed_secret": "6a1cec45eaf37b34e1b1d89130d7746fe4006346",
        "is_verified": false,
        "line_number": 372
      }
    ]
  },
  "generated_at": "2026-09-25T16:11:19Z"
}
